Microchip MPLAB XC8 Compiler V2.41

Linker command line:

-W-3 \
  --edf=C:\Program Files\Microchip\xc8\v2.41\pic\dat\20230208172133_en.msgs \
  -cn -h+dist/default/production\seguridad.X.production.sym \
  --cmf=dist/default/production\seguridad.X.production.cmf -z -Q16F887 \
  -oC:\Users\SEBAST~1\AppData\Local\Temp\xcAsffo.\driver_tmp_3.o \
  --defsym=__MPLAB_BUILD=1 --fixupoverflow=error \
  -Mdist/default/production/seguridad.X.production.map \
  --md=C:\Users\SEBAST~1\AppData\Local\Temp\xcAsffo.\driver_tmp_0.dat -E1 \
  -ver=XC8 Compiler --acfsm=1493 -ACODE=00h-07FFhx4 -ASTRCODE=00h-01FFFh \
  -ASTRING=00h-0FFhx32 -ACONST=00h-0FFhx32 -AENTRY=00h-0FFhx32 \
  -ACOMMON=070h-07Fh -ABANK0=020h-06Fh -ABANK1=0A0h-0EFh \
  -ABANK2=0110h-016Fh -ABANK3=0190h-01EFh \
  -ARAM=020h-06Fh,0A0h-0EFh,0110h-016Fh,0190h-01EFh \
  -AABS1=020h-07Fh,0A0h-0EFh,0110h-016Fh,0190h-01EFh -ASFR0=00h-01Fh \
  -ASFR1=080h-09Fh -ASFR2=0100h-010Fh -ASFR3=0180h-018Fh \
  -ACONFIG=02007h-02008h -DCONFIG=2 -AIDLOC=02000h-02003h -DIDLOC=2 \
  -AEEDATA=00h-0FFh/02100h -peeprom_data=EEDATA -DEEDATA=2 -DCODE=2 \
  -DSTRCODE=2 -DSTRING=2 -DCONST=2 -DENTRY=2 \
  -preset_vec=00h,intentry,init,end_init -ppowerup=CODE -pcinit=CODE \
  -pfunctab=ENTRY -k \
  C:\Users\SEBAST~1\AppData\Local\Temp\xcAsffo.\driver_tmp_17.o \
  dist/default/production\seguridad.X.production.o 

Object code version is 3.11

Machine type is 16F887



                Name                               Link     Load   Length Selector   Space Scale
C:\Users\SEBAST~1\AppData\Local\Temp\xcAsffo.\driver_tmp_17.o
                end_init                              0        0        3        0       0
                config                             2007     2007        2        0       4
dist/default/production\seguridad.X.production.o
                cinit                               7E6      7E6       1A      FCC       0
                config                             2007     2007        2        0       4
                text17                              3AF      3AF       36      75E       0
                text16                              385      385       2A      70A       0
                text15                              2A4      2A4       10      548       0
                text14                              3E5      3E5       36      7CA       0
                text13                              313      313       26      626       0
                text12                              339      339       26      672       0
                text11                              35F      35F       26      6BE       0
                text10                              2EE      2EE       25      5DC       0
                text9                               2D7      2D7       17      5AE       0
                text8                               455      455       44      8AA       0
                text7                               41B      41B       3A      836       0
                text6                               6F4      6F4       F2      DE8       0
                text5                               499      499       45      932       0
                text4                               613      613       E1      C26       0
                text3                               4DE      4DE       46      9BC       0
                text2                               57F      57F       94      AFE       0
                text1                               295      295        F      52A       0
                maintext                            524      524       5B      A48       0
                cstackBANK0                          3C       3C       19       20       1
                cstackCOMMON                         70       70        E       70       1
                clrtext                             28D      28D        8      51A       0
                inittext                            2C4      2C4       13      588       0
                dataBANK0                            55       55       10       20       1
                bssBANK0                             20       20       1C       20       1
                strings                               3        3       78        6       0
                idataBANK0                          2B4      2B4       10      568       0

TOTAL           Name                               Link     Load   Length     Space
        CLASS   CODE           
                end_init                              0        0        3         0
                cinit                               7E6      7E6       1A         0
                text17                              3AF      3AF       36         0
                text16                              385      385       2A         0
                text15                              2A4      2A4       10         0
                text14                              3E5      3E5       36         0
                text13                              313      313       26         0
                text12                              339      339       26         0
                text11                              35F      35F       26         0
                text10                              2EE      2EE       25         0
                text9                               2D7      2D7       17         0
                text8                               455      455       44         0
                text7                               41B      41B       3A         0
                text6                               6F4      6F4       F2         0
                text5                               499      499       45         0
                text4                               613      613       E1         0
                text3                               4DE      4DE       46         0
                text2                               57F      57F       94         0
                text1                               295      295        F         0
                maintext                            524      524       5B         0
                clrtext                             28D      28D        8         0
                inittext                            2C4      2C4       13         0
                idataBANK0                          2B4      2B4       10         0

        CLASS   STRCODE        

        CLASS   STRING         
                strings                               3        3       78         0

        CLASS   CONST          

        CLASS   ENTRY          

        CLASS   COMMON         
                cstackCOMMON                         70       70        E         1

        CLASS   BANK0          
                cstackBANK0                          3C       3C       19         1
                dataBANK0                            55       55       10         1
                bssBANK0                             20       20       1C         1

        CLASS   BANK1          

        CLASS   BANK2          

        CLASS   BANK3          

        CLASS   RAM            

        CLASS   ABS1           
                abs_s1                               7E       7E        2         1

        CLASS   SFR0           

        CLASS   SFR1           

        CLASS   SFR2           

        CLASS   SFR3           

        CLASS   CONFIG         
                config                             2007     2007        2         4

        CLASS   IDLOC          

        CLASS   EEDATA         

        CLASS   STACK          



SEGMENTS        Name                           Load    Length   Top    Selector   Space  Class     Delta

                reset_vec                      000000  000003  000003         0       0  CODE        2
                strings                        000003  000078  00007B         6       0  STRING      2
                bssBANK0                       000020  000045  000065        20       1  BANK0       1
                cstackCOMMON                   000070  00000E  00007E        70       1  COMMON      1
                clrtext                        00028D  000008  000295       51A       0  CODE        2
                text1                          000295  00000F  0002A4       52A       0  CODE        2
                text15                         0002A4  000010  0002B4       548       0  CODE        2
                idataBANK0                     0002B4  000010  0002C4       568       0  CODE        2
                inittext                       0002C4  000013  0002D7       588       0  CODE        2
                text9                          0002D7  000017  0002EE       5AE       0  CODE        2
                text10                         0002EE  000025  000313       5DC       0  CODE        2
                text13                         000313  000026  000339       626       0  CODE        2
                text12                         000339  000026  00035F       672       0  CODE        2
                text11                         00035F  000026  000385       6BE       0  CODE        2
                text16                         000385  00002A  0003AF       70A       0  CODE        2
                text17                         0003AF  000036  0003E5       75E       0  CODE        2
                text14                         0003E5  000036  00041B       7CA       0  CODE        2
                text7                          00041B  00003A  000455       836       0  CODE        2
                text8                          000455  000044  000499       8AA       0  CODE        2
                text5                          000499  000045  0004DE       932       0  CODE        2
                text3                          0004DE  000046  000524       9BC       0  CODE        2
                maintext                       000524  00005B  00057F       A48       0  CODE        2
                text2                          00057F  000094  000613       AFE       0  CODE        2
                text4                          000613  0000E1  0006F4       C26       0  CODE        2
                text6                          0006F4  0000F2  0007E6       DE8       0  CODE        2
                cinit                          0007E6  00001A  000800       FCC       0  CODE        2


UNUSED ADDRESS RANGES

        Name                Unused          Largest block    Delta
        BANK0            0065-006F              B           1
        BANK1            00A0-00EF             50           1
        BANK2            0110-016F             60           1
        BANK3            0190-01EF             60           1
        CODE             007B-028C            212           2
                         0800-1FFF            800
        CONST            007B-028C            100           2
                         0800-1FFF            100
        EEDATA           2100-21FF            100           2
        ENTRY            007B-028C            100           2
                         0800-1FFF            100
        IDLOC            2000-2003              4           2
        RAM              0065-006F              B           1
                         00A0-00EF             50
                         0110-016F             60
                         0190-01EF             60
        SFR0             0000-001F             20           1
        SFR1             0080-009F             20           1
        SFR2             0100-010F             10           1
        SFR3             0180-018F             10           1
        STRCODE          007B-028C            212           2
                         0800-1FFF           1800
        STRING           007B-028C            100           2
                         0800-1FFF            100

                                  Symbol Table

?___lwdiv                     cstackCOMMON 0070
?___lwmod                     cstackCOMMON 0077
?_sprintf                     cstackBANK0  003C
?_strncmp                     cstackCOMMON 0070
LCD_Char@dat                  cstackCOMMON 0072
LCD_Command@cmd               cstackCOMMON 0072
LCD_String@msg                cstackCOMMON 0073
LCD_String_xy@location        cstackCOMMON 0079
LCD_String_xy@msg             cstackCOMMON 0076
LCD_String_xy@pos             cstackCOMMON 0075
LCD_String_xy@row             cstackCOMMON 0078
_ANSELH                       (abs)        0189
_LCD_Char                     text14       03E5
_LCD_Clear                    text15       02A4
_LCD_Command                  text17       03AF
_LCD_Init                     text16       0385
_LCD_String                   text13       0313
_LCD_String_xy                text12       0339
_OPTION_REGbits               (abs)        0081
_OSCCON                       (abs)        008F
_PORTB                        (abs)        0006
_PORTD                        (abs)        0008
_PORTE                        (abs)        0009
_RC0                          (abs)        0038
_RC1                          (abs)        0039
_RC2                          (abs)        003A
_RD0                          (abs)        0040
_RD1                          (abs)        0041
_TRISB                        (abs)        0086
_TRISC                        (abs)        0087
_TRISD                        (abs)        0088
_TRISE                        (abs)        0089
__H__absolute__               __absolute__ 0000
__Habs1                       abs1         0000
__Hbank0                      bank0        0000
__Hbank1                      bank1        0000
__Hbank2                      bank2        0000
__Hbank3                      bank3        0000
__HbssBANK0                   bssBANK0     0000
__Hcinit                      cinit        0800
__Hclrtext                    clrtext      0000
__Hcode                       code         0000
__Hcommon                     common       0000
__Hconfig                     config       2009
__HcstackBANK0                cstackBANK0  0000
__HcstackCOMMON               cstackCOMMON 0000
__HdataBANK0                  dataBANK0    0000
__Heeprom_data                eeprom_data  0000
__Hend_init                   end_init     0003
__Hfunctab                    functab      0000
__HidataBANK0                 idataBANK0   0000
__Hinit                       init         0000
__Hinittext                   inittext     0000
__Hintentry                   intentry     0000
__Hmaintext                   maintext     0000
__Hpowerup                    powerup      0000
__Hram                        ram          0000
__Hreset_vec                  reset_vec    0000
__Hsfr0                       sfr0         0000
__Hsfr1                       sfr1         0000
__Hsfr2                       sfr2         0000
__Hsfr3                       sfr3         0000
__Hspace_0                    (abs)        0800
__Hspace_1                    (abs)        007E
__Hspace_2                    (abs)        0000
__Hspace_3                    (abs)        0000
__Hspace_4                    (abs)        4010
__Hstack                      stack        0000
__Hstrings                    strings      0000
__Htext                       text         0000
__L__absolute__               __absolute__ 0000
__Labs1                       abs1         0000
__Lbank0                      bank0        0000
__Lbank1                      bank1        0000
__Lbank2                      bank2        0000
__Lbank3                      bank3        0000
__LbssBANK0                   bssBANK0     0000
__Lcinit                      cinit        07E6
__Lclrtext                    clrtext      0000
__Lcode                       code         0000
__Lcommon                     common       0000
__Lconfig                     config       0000
__LcstackBANK0                cstackBANK0  0000
__LcstackCOMMON               cstackCOMMON 0000
__LdataBANK0                  dataBANK0    0000
__Leeprom_data                eeprom_data  0000
__Lend_init                   end_init     0000
__Lfunctab                    functab      0000
__LidataBANK0                 idataBANK0   0000
__Linit                       init         0000
__Linittext                   inittext     0000
__Lintentry                   intentry     0000
__Lmaintext                   maintext     0000
__Lpowerup                    powerup      0000
__Lram                        ram          0000
__Lreset_vec                  reset_vec    0000
__Lsfr0                       sfr0         0000
__Lsfr1                       sfr1         0000
__Lsfr2                       sfr2         0000
__Lsfr3                       sfr3         0000
__Lspace_0                    (abs)        0000
__Lspace_1                    (abs)        0000
__Lspace_2                    (abs)        0000
__Lspace_3                    (abs)        0000
__Lspace_4                    (abs)        0000
__Lstack                      stack        0000
__Lstrings                    strings      0000
__Ltext                       text         0000
__S0                          (abs)        0800
__S1                          (abs)        007E
__S3                          (abs)        0000
___int_sp                     stack        0000
___latbits                    (abs)        0002
___lwdiv                      text8        0455
___lwdiv@counter              cstackCOMMON 0076
___lwdiv@dividend             cstackCOMMON 0072
___lwdiv@divisor              cstackCOMMON 0070
___lwdiv@quotient             cstackCOMMON 0074
___lwmod                      text7        041B
___lwmod@counter              cstackCOMMON 007B
___lwmod@dividend             cstackCOMMON 0079
___lwmod@divisor              cstackCOMMON 0077
___sp                         stack        0000
___stackhi                    (abs)        0000
___stacklo                    (abs)        0000
__end_of_LCD_Char             text14       041B
__end_of_LCD_Clear            text15       02B4
__end_of_LCD_Command          text17       03E5
__end_of_LCD_Init             text16       03AF
__end_of_LCD_String           text13       0339
__end_of_LCD_String_xy        text12       035F
__end_of___lwdiv              text8        0499
__end_of___lwmod              text7        0455
__end_of__initialization      cinit        07FC
__end_of__stringtab           strings      0013
__end_of_dpowers              strings      001D
__end_of_function_alarma      text11       0385
__end_of_function_bloqueado   text10       0313
__end_of_function_monitoreo   text5        04DE
__end_of_function_seguridad   text2        0613
__end_of_keypad_getkey        text4        06F4
__end_of_keypad_init          text1        02A4
__end_of_main                 maintext     057F
__end_of_monitoring_sensor    text9        02EE
__end_of_password             strings      0022
__end_of_sprintf              text6        07E6
__end_of_strncmp              text3        0524
__initialization              cinit        07E6
__pbssBANK0                   bssBANK0     0020
__pcstackBANK0                cstackBANK0  003C
__pcstackCOMMON               cstackCOMMON 0070
__pdataBANK0                  dataBANK0    0055
__pidataBANK0                 idataBANK0   02B4
__pmaintext                   maintext     0524
__pstrings                    strings      0003
__ptext1                      text1        0295
__ptext10                     text10       02EE
__ptext11                     text11       035F
__ptext12                     text12       0339
__ptext13                     text13       0313
__ptext14                     text14       03E5
__ptext15                     text15       02A4
__ptext16                     text16       0385
__ptext17                     text17       03AF
__ptext2                      text2        057F
__ptext3                      text3        04DE
__ptext4                      text4        0613
__ptext5                      text5        0499
__ptext6                      text6        06F4
__ptext7                      text7        041B
__ptext8                      text8        0455
__ptext9                      text9        02D7
__stringbase                  strings      0012
__stringtab                   strings      0003
_buffer                       bssBANK0     0026
_dpowers                      strings      0013
_estado                       bssBANK0     0025
_function_alarma              text11       035F
_function_bloqueado           text10       02EE
_function_monitoreo           text5        0499
_function_seguridad           text2        057F
_idx                          bssBANK0     0024
_intentos                     bssBANK0     0020
_keypad_getkey                text4        0613
_keypad_init                  text1        0295
_main                         maintext     0524
_monitoring_sensor            text9        02D7
_pass_user                    bssBANK0     0037
_password                     strings      001D
_sprintf                      text6        06F4
_strncmp                      text3        04DE
_var_sensor_hall              bssBANK0     0022
_var_sensor_ir                bssBANK0     0023
_var_sensor_metal             bssBANK0     0021
btemp                         (abs)        007E
clear_ram0                    clrtext      028D
end_of_initialization         cinit        07FC
function_seguridad@key        cstackCOMMON 007D
init_fetch0                   inittext     02C4
init_ram0                     inittext     02C8
intlevel0                     functab      0000
intlevel1                     functab      0000
intlevel2                     functab      0000
intlevel3                     functab      0000
intlevel4                     functab      0000
intlevel5                     functab      0000
keypad_getkey@F1268           dataBANK0    0055
keypad_getkey@i               cstackBANK0  004D
keypad_getkey@letras          cstackBANK0  003C
keypad_getkey@valor           cstackBANK0  004C
monitoring_sensor@alarm_activ cstackCOMMON 0070
reset_vec                     reset_vec    0000
sprintf@ap                    cstackBANK0  0046
sprintf@c                     cstackBANK0  004E
sprintf@ccnt                  cstackBANK0  0048
sprintf@f                     cstackBANK0  003C
sprintf@flag                  cstackBANK0  0047
sprintf@prec                  cstackBANK0  004A
sprintf@sp                    cstackBANK0  004D
sprintf@val                   cstackBANK0  004B
start                         init         0000
start_initialization          cinit        07E6
strncmp@len                   cstackCOMMON 0071
strncmp@s1                    cstackCOMMON 0075
strncmp@s2                    cstackCOMMON 0070
wtemp0                        (abs)        007E


MODULE INFORMATION

Module		Function		Class		Link	Load	Size
sensor.c
		_monitoring_sensor		CODE           	02D7	0000	23

sensor.c estimated size: 23

keypad.c
		_keypad_init   		CODE           	0295	0000	15
		_keypad_getkey 		CODE           	0613	0000	225

keypad.c estimated size: 240

C:\Program Files\Microchip\xc8\v2.41\pic\sources\c90\common\lwdiv.c
		___lwdiv       		CODE           	0455	0000	68

C:\Program Files\Microchip\xc8\v2.41\pic\sources\c90\common\lwdiv.c estimated size: 68

C:\Program Files\Microchip\xc8\v2.41\pic\sources\c90\common\strncmp.c
		_strncmp       		CODE           	04DE	0000	70

C:\Program Files\Microchip\xc8\v2.41\pic\sources\c90\common\strncmp.c estimated size: 70

shared
		__stringtab    		STRING         	0003	0000	16
		_dpowers       		STRING         	0013	0000	10
		_password      		STRING         	001D	0000	5
		__initialization		CODE           	07E6	0000	22

shared estimated size: 53

lcd.c
		_LCD_String    		CODE           	0313	0000	38
		_LCD_Init      		CODE           	0385	0000	42
		_LCD_Command   		CODE           	03AF	0000	54
		_LCD_String_xy 		CODE           	0339	0000	38
		_LCD_Char      		CODE           	03E5	0000	54
		_LCD_Clear     		CODE           	02A4	0000	16

lcd.c estimated size: 242

C:\Program Files\Microchip\xc8\v2.41\pic\sources\c90\common\doprnt.c
		_sprintf       		CODE           	06F4	0000	242

C:\Program Files\Microchip\xc8\v2.41\pic\sources\c90\common\doprnt.c estimated size: 242

C:\Program Files\Microchip\xc8\v2.41\pic\sources\c90\common\lwmod.c
		___lwmod       		CODE           	041B	0000	58

C:\Program Files\Microchip\xc8\v2.41\pic\sources\c90\common\lwmod.c estimated size: 58

mainseguridad.c
		_function_monitoreo		CODE           	0499	0000	69
		_main          		CODE           	0524	0000	91
		_function_seguridad		CODE           	057F	0000	148
		_function_alarma		CODE           	035F	0000	38
		_function_bloqueado		CODE           	02EE	0000	37

mainseguridad.c estimated size: 383

