Microchip MPLAB XC8 Compiler V2.41

Linker command line:

-W-3 \
  --edf=C:\Program Files\Microchip\xc8\v2.41\pic\dat\20230208172133_en.msgs \
  -cn -h+dist/default/production\adc.X.production.sym \
  --cmf=dist/default/production\adc.X.production.cmf -z -Q16F887 \
  -oC:\Users\SEBAST~1\AppData\Local\Temp\xcAsbbk.\driver_tmp_3.o \
  --defsym=__MPLAB_BUILD=1 --fixupoverflow=error \
  -Mdist/default/production/adc.X.production.map \
  --md=C:\Users\SEBAST~1\AppData\Local\Temp\xcAsbbk.\driver_tmp_0.dat -E1 \
  -ver=XC8 Compiler --acfsm=1493 -ACODE=00h-07FFhx4 -ASTRCODE=00h-01FFFh \
  -ASTRING=00h-0FFhx32 -ACONST=00h-0FFhx32 -AENTRY=00h-0FFhx32 \
  -ACOMMON=070h-07Fh -ABANK0=020h-06Fh -ABANK1=0A0h-0EFh \
  -ABANK2=0110h-016Fh -ABANK3=0190h-01EFh \
  -ARAM=020h-06Fh,0A0h-0EFh,0110h-016Fh,0190h-01EFh \
  -AABS1=020h-07Fh,0A0h-0EFh,0110h-016Fh,0190h-01EFh -ASFR0=00h-01Fh \
  -ASFR1=080h-09Fh -ASFR2=0100h-010Fh -ASFR3=0180h-018Fh \
  -ACONFIG=02007h-02008h -DCONFIG=2 -AIDLOC=02000h-02003h -DIDLOC=2 \
  -AEEDATA=00h-0FFh/02100h -peeprom_data=EEDATA -DEEDATA=2 -DCODE=2 \
  -DSTRCODE=2 -DSTRING=2 -DCONST=2 -DENTRY=2 \
  -preset_vec=00h,intentry,init,end_init -ppowerup=CODE -pcinit=CODE \
  -pfunctab=ENTRY -k \
  C:\Users\SEBAST~1\AppData\Local\Temp\xcAsbbk.\driver_tmp_17.o \
  dist/default/production\adc.X.production.o 

Object code version is 3.11

Machine type is 16F887



                Name                               Link     Load   Length Selector   Space Scale
C:\Users\SEBAST~1\AppData\Local\Temp\xcAsbbk.\driver_tmp_17.o
                end_init                              0        0        3        0       0
                config                             2007     2007        2        0       4
dist/default/production\adc.X.production.o
                cinit                               7F3      7F3        D      FE6       0
                config                             2007     2007        2        0       4
                text23                             1716     1716       36     2E2C       0
                text22                              869      869       10     10D2       0
                text21                             16EC     16EC       2A     2DD8       0
                text20                             174C     174C       36     2E98       0
                text19                             1679     1679       26     2CF2       0
                text18                             169F     169F       26     2D3E       0
                text17                                5        5        C        A       0
                text16                             1658     1658       21     2CB0       0
                text15                               87       87      1CF      10E       0
                text14                               11       11       76       22       0
                text13                              923      923       A2     1246       0
                text12                              9C5      9C5       B8     138A       0
                text11                              256      256      258      4AC       0
                text10                             16C5     16C5       27     2D8A       0
                text9                               4AE      4AE      345      95C       0
                text8                               A7D      A7D       DA     14FA       0
                text7                               879      879       4E     10F2       0
                text6                               8C7      8C7       5C     118E       0
                text5                               D2F      D2F      146     1A5E       0
                text4                               E75      E75      18B     1CEA       0
                text3                              17BC     17BC       44     2F78       0
                text2                              1782     1782       3A     2F04       0
                text1                               C3D      C3D       F2     187A       0
                maintext                            B57      B57       E6     16AE       0
                cstackBANK0                          20       20       4F       20       1
                cstackCOMMON                         70       70        E       70       1
                cstackBANK1                          A0       A0       35       A0       1
                clrtext                             861      861        8     10C2       0
                bssBANK1                             D5       D5       19       A0       1
                strings                             800      800       5E     1000       0

TOTAL           Name                               Link     Load   Length     Space
        CLASS   CODE           
                end_init                              0        0        3         0
                cinit                               7F3      7F3        D         0
                text23                             1716     1716       36         0
                text22                              869      869       10         0
                text21                             16EC     16EC       2A         0
                text20                             174C     174C       36         0
                text19                             1679     1679       26         0
                text18                             169F     169F       26         0
                text17                                5        5        C         0
                text16                             1658     1658       21         0
                text15                               87       87      1CF         0
                text14                               11       11       76         0
                text13                              923      923       A2         0
                text12                              9C5      9C5       B8         0
                text11                              256      256      258         0
                text10                             16C5     16C5       27         0
                text9                               4AE      4AE      345         0
                text8                               A7D      A7D       DA         0
                text7                               879      879       4E         0
                text6                               8C7      8C7       5C         0
                text5                               D2F      D2F      146         0
                text4                               E75      E75      18B         0
                text3                              17BC     17BC       44         0
                text2                              1782     1782       3A         0
                text1                               C3D      C3D       F2         0
                maintext                            B57      B57       E6         0
                clrtext                             861      861        8         0

        CLASS   STRCODE        

        CLASS   STRING         
                strings                             800      800       5E         0

        CLASS   CONST          

        CLASS   ENTRY          

        CLASS   COMMON         
                cstackCOMMON                         70       70        E         1

        CLASS   BANK0          
                cstackBANK0                          20       20       4F         1

        CLASS   BANK1          
                cstackBANK1                          A0       A0       35         1
                bssBANK1                             D5       D5       19         1

        CLASS   BANK2          

        CLASS   BANK3          

        CLASS   RAM            

        CLASS   ABS1           
                abs_s1                               7E       7E        2         1

        CLASS   SFR0           

        CLASS   SFR1           

        CLASS   SFR2           

        CLASS   SFR3           

        CLASS   CONFIG         
                config                             2007     2007        2         4

        CLASS   IDLOC          

        CLASS   EEDATA         

        CLASS   STACK          



SEGMENTS        Name                           Load    Length   Top    Selector   Space  Class     Delta

                reset_vec                      000000  000003  000003         0       0  CODE        2
                text17                         000005  00000C  000011         A       0  CODE        2
                cstackBANK0                    000020  00004F  00006F        20       1  BANK0       1
                text14                         000011  000076  000087        22       0  CODE        2
                cstackCOMMON                   000070  00000E  00007E        70       1  COMMON      1
                cstackBANK1                    0000A0  00004E  0000EE        A0       1  BANK1       1
                text15                         000087  0001CF  000256       10E       0  CODE        2
                text11                         000256  000258  0004AE       4AC       0  CODE        2
                text9                          0004AE  000345  0007F3       95C       0  CODE        2
                cinit                          0007F3  00000D  000800       FE6       0  CODE        2
                strings                        000800  00005E  00085E      1000       0  STRING      2
                clrtext                        000861  000008  000869      10C2       0  CODE        2
                text22                         000869  000010  000879      10D2       0  CODE        2
                text7                          000879  00004E  0008C7      10F2       0  CODE        2
                text6                          0008C7  00005C  000923      118E       0  CODE        2
                text13                         000923  0000A2  0009C5      1246       0  CODE        2
                text12                         0009C5  0000B8  000A7D      138A       0  CODE        2
                text8                          000A7D  0000DA  000B57      14FA       0  CODE        2
                maintext                       000B57  0000E6  000C3D      16AE       0  CODE        2
                text1                          000C3D  0000F2  000D2F      187A       0  CODE        2
                text5                          000D2F  000146  000E75      1A5E       0  CODE        2
                text4                          000E75  00018B  001000      1CEA       0  CODE        2
                text16                         001658  000021  001679      2CB0       0  CODE        2
                text19                         001679  000026  00169F      2CF2       0  CODE        2
                text18                         00169F  000026  0016C5      2D3E       0  CODE        2
                text10                         0016C5  000027  0016EC      2D8A       0  CODE        2
                text21                         0016EC  00002A  001716      2DD8       0  CODE        2
                text23                         001716  000036  00174C      2E2C       0  CODE        2
                text20                         00174C  000036  001782      2E98       0  CODE        2
                text2                          001782  00003A  0017BC      2F04       0  CODE        2
                text3                          0017BC  000044  001800      2F78       0  CODE        2


UNUSED ADDRESS RANGES

        Name                Unused          Largest block    Delta
        BANK0            006F-006F              1           1
        BANK1            00EE-00EF              2           1
        BANK2            0110-016F             60           1
        BANK3            0190-01EF             60           1
        CODE             0003-0004              2           2
                         085E-0860              3
                         1000-1657            658
                         1800-1FFF            800
        CONST            0003-0004              2           2
                         085E-0860              3
                         1000-1657            100
                         1800-1FFF            100
        EEDATA           2100-21FF            100           2
        ENTRY            0003-0004              2           2
                         085E-0860              3
                         1000-1657            100
                         1800-1FFF            100
        IDLOC            2000-2003              4           2
        RAM              006F-006F              1           1
                         00EE-00EF              2
                         0110-016F             60
                         0190-01EF             60
        SFR0             0000-001F             20           1
        SFR1             0080-009F             20           1
        SFR2             0100-010F             10           1
        SFR3             0180-018F             10           1
        STRCODE          0003-0004              2           2
                         085E-0860              3
                         1000-1657            658
                         1800-1FFF            800
        STRING           0003-0004              2           2
                         085E-0860              3
                         1000-1657            100
                         1800-1FFF            100

                                  Symbol Table

?__Umul8_16                       cstackCOMMON 0070
?___fladd                         cstackBANK0  0059
?___fldiv                         cstackBANK0  003F
?___flmul                         cstackBANK0  0025
?___fltol                         cstackCOMMON 0070
?___lwdiv                         cstackCOMMON 0070
?___lwmod                         cstackCOMMON 0077
?___xxtofl                        cstackCOMMON 0070
?_adc_conversion                  cstackCOMMON 0070
?_convertir_temperature           cstackBANK1  00B4
?_eval_poly                       cstackBANK1  00A0
?_frexp                           cstackBANK0  0020
?_log                             cstackBANK1  00B0
?_sprintf                         cstackBANK0  0020
LCD_Char@dat                      cstackCOMMON 0072
LCD_Command@cmd                   cstackCOMMON 0072
LCD_String@msg                    cstackCOMMON 0073
LCD_String_xy@location            cstackCOMMON 0079
LCD_String_xy@msg                 cstackCOMMON 0076
LCD_String_xy@pos                 cstackCOMMON 0075
LCD_String_xy@row                 cstackCOMMON 0078
_ADCON0bits                       (abs)        001F
_ADCON1bits                       (abs)        009F
_ADRESH                           (abs)        001E
_ADRESL                           (abs)        009E
_ANSEL                            (abs)        0188
_LCD_Char                         text20       174C
_LCD_Clear                        text22       0869
_LCD_Command                      text23       1716
_LCD_Init                         text21       16EC
_LCD_String                       text19       1679
_LCD_String_xy                    text18       169F
_OSCCON                           (abs)        008F
_PORTD                            (abs)        0008
_RD0                              (abs)        0040
_RD1                              (abs)        0041
_TRISA                            (abs)        0085
_TRISD                            (abs)        0088
__H__absolute__                   __absolute__ 0000
__Habs1                           abs1         0000
__Hbank0                          bank0        0000
__Hbank1                          bank1        0000
__Hbank2                          bank2        0000
__Hbank3                          bank3        0000
__HbssBANK1                       bssBANK1     0000
__Hcinit                          cinit        0800
__Hclrtext                        clrtext      0000
__Hcode                           code         0000
__Hcommon                         common       0000
__Hconfig                         config       2009
__HcstackBANK0                    cstackBANK0  0000
__HcstackBANK1                    cstackBANK1  0000
__HcstackCOMMON                   cstackCOMMON 0000
__Heeprom_data                    eeprom_data  0000
__Hend_init                       end_init     0003
__Hfunctab                        functab      0000
__Hinit                           init         0000
__Hintentry                       intentry     0000
__Hmaintext                       maintext     0000
__Hpowerup                        powerup      0000
__Hram                            ram          0000
__Hreset_vec                      reset_vec    0000
__Hsfr0                           sfr0         0000
__Hsfr1                           sfr1         0000
__Hsfr2                           sfr2         0000
__Hsfr3                           sfr3         0000
__Hspace_0                        (abs)        1800
__Hspace_1                        (abs)        00EE
__Hspace_2                        (abs)        0000
__Hspace_3                        (abs)        0000
__Hspace_4                        (abs)        4010
__Hstack                          stack        0000
__Hstrings                        strings      0000
__Htext                           text         0000
__L__absolute__                   __absolute__ 0000
__Labs1                           abs1         0000
__Lbank0                          bank0        0000
__Lbank1                          bank1        0000
__Lbank2                          bank2        0000
__Lbank3                          bank3        0000
__LbssBANK1                       bssBANK1     0000
__Lcinit                          cinit        07F3
__Lclrtext                        clrtext      0000
__Lcode                           code         0000
__Lcommon                         common       0000
__Lconfig                         config       0000
__LcstackBANK0                    cstackBANK0  0000
__LcstackBANK1                    cstackBANK1  0000
__LcstackCOMMON                   cstackCOMMON 0000
__Leeprom_data                    eeprom_data  0000
__Lend_init                       end_init     0000
__Lfunctab                        functab      0000
__Linit                           init         0000
__Lintentry                       intentry     0000
__Lmaintext                       maintext     0000
__Lpowerup                        powerup      0000
__Lram                            ram          0000
__Lreset_vec                      reset_vec    0000
__Lsfr0                           sfr0         0000
__Lsfr1                           sfr1         0000
__Lsfr2                           sfr2         0000
__Lsfr3                           sfr3         0000
__Lspace_0                        (abs)        0000
__Lspace_1                        (abs)        0000
__Lspace_2                        (abs)        0000
__Lspace_3                        (abs)        0000
__Lspace_4                        (abs)        0000
__Lstack                          stack        0000
__Lstrings                        strings      0000
__Ltext                           text         0000
__S0                              (abs)        1800
__S1                              (abs)        00EE
__S3                              (abs)        0000
__Umul8_16                        text10       16C5
__Umul8_16@multiplicand           cstackCOMMON 0070
__Umul8_16@multiplier             cstackCOMMON 0078
__Umul8_16@product                cstackCOMMON 0074
__Umul8_16@word_mpld              cstackCOMMON 0076
___fladd                          text11       0256
___fladd@a                        cstackBANK0  005D
___fladd@aexp                     cstackBANK0  006A
___fladd@b                        cstackBANK0  0059
___fladd@bexp                     cstackBANK0  006B
___fladd@grs                      cstackBANK0  006C
___fladd@signs                    cstackBANK0  0069
___fldiv                          text15       0087
___fldiv@a                        cstackBANK0  003F
___fldiv@aexp                     cstackBANK0  0058
___fldiv@b                        cstackBANK0  0043
___fldiv@bexp                     cstackBANK0  0057
___fldiv@grs                      cstackBANK0  0053
___fldiv@new_exp                  cstackBANK0  0051
___fldiv@rem                      cstackBANK0  004C
___fldiv@sign                     cstackBANK0  0050
___fleq                           text7        0879
___fleq@ff1                       cstackCOMMON 0070
___fleq@ff2                       cstackCOMMON 0074
___flge                           text13       0923
___flge@ff1                       cstackCOMMON 0070
___flge@ff2                       cstackCOMMON 0074
___flmul                          text9        04AE
___flmul@a                        cstackBANK0  0029
___flmul@aexp                     cstackBANK0  0033
___flmul@b                        cstackBANK0  0025
___flmul@bexp                     cstackBANK0  0038
___flmul@grs                      cstackBANK0  0034
___flmul@prod                     cstackBANK0  0039
___flmul@sign                     cstackBANK0  0032
___flmul@temp                     cstackBANK0  003D
___fltol                          text14       0011
___fltol@exp1                     cstackCOMMON 0079
___fltol@f1                       cstackCOMMON 0070
___fltol@sign1                    cstackCOMMON 0078
___int_sp                         stack        0000
___latbits                        (abs)        0002
___lwdiv                          text3        17BC
___lwdiv@counter                  cstackCOMMON 0076
___lwdiv@dividend                 cstackCOMMON 0072
___lwdiv@divisor                  cstackCOMMON 0070
___lwdiv@quotient                 cstackCOMMON 0074
___lwmod                          text2        1782
___lwmod@counter                  cstackCOMMON 007B
___lwmod@dividend                 cstackCOMMON 0079
___lwmod@divisor                  cstackCOMMON 0077
___sp                             stack        0000
___stackhi                        (abs)        0000
___stacklo                        (abs)        0000
___xxtofl                         text12       09C5
___xxtofl@arg                     cstackCOMMON 007A
___xxtofl@exp                     cstackCOMMON 0079
___xxtofl@sign                    cstackCOMMON 0078
___xxtofl@val                     cstackCOMMON 0070
__end_of_LCD_Char                 text20       1782
__end_of_LCD_Clear                text22       0879
__end_of_LCD_Command              text23       174C
__end_of_LCD_Init                 text21       1716
__end_of_LCD_String               text19       169F
__end_of_LCD_String_xy            text18       16C5
__end_of__Umul8_16                text10       16EC
__end_of___fladd                  text11       04AE
__end_of___fldiv                  text15       0256
__end_of___fleq                   text7        08C7
__end_of___flge                   text13       09C5
__end_of___flmul                  text9        07F3
__end_of___fltol                  text14       0087
__end_of___lwdiv                  text3        1800
__end_of___lwmod                  text2        17BC
__end_of___xxtofl                 text12       0A7D
__end_of__initialization          cinit        07FC
__end_of__stringtab               strings      0810
__end_of_adc_begin                text17       0011
__end_of_adc_conversion           text16       1679
__end_of_convertir_temperature    text4        1000
__end_of_dpowers                  strings      081A
__end_of_eval_poly                text8        0B57
__end_of_frexp                    text6        0923
__end_of_log                      text5        0E75
__end_of_main                     maintext     0C3D
__end_of_sprintf                  text1        0D2F
__end_oflog@coeff                 strings      083E
__initialization                  cinit        07F3
__pbssBANK1                       bssBANK1     00D5
__pcstackBANK0                    cstackBANK0  0020
__pcstackBANK1                    cstackBANK1  00A0
__pcstackCOMMON                   cstackCOMMON 0070
__pmaintext                       maintext     0B57
__pstrings                        strings      0800
__ptext1                          text1        0C3D
__ptext10                         text10       16C5
__ptext11                         text11       0256
__ptext12                         text12       09C5
__ptext13                         text13       0923
__ptext14                         text14       0011
__ptext15                         text15       0087
__ptext16                         text16       1658
__ptext17                         text17       0005
__ptext18                         text18       169F
__ptext19                         text19       1679
__ptext2                          text2        1782
__ptext20                         text20       174C
__ptext21                         text21       16EC
__ptext22                         text22       0869
__ptext23                         text23       1716
__ptext3                          text3        17BC
__ptext4                          text4        0E75
__ptext5                          text5        0D2F
__ptext6                          text6        08C7
__ptext7                          text7        0879
__ptext8                          text8        0A7D
__ptext9                          text9        04AE
__stringbase                      strings      080F
__stringtab                       strings      0800
_adc_begin                        text17       0005
_adc_conversion                   text16       1658
_buffer                           bssBANK1     00DD
_convertir_temperature            text4        0E75
_convertir_temperature$896        cstackBANK1  00BC
_convertir_temperature$897        cstackBANK1  00C0
_convertir_temperature$898        cstackBANK1  00C4
_dpowers                          strings      0810
_errno                            bssBANK1     00D5
_eval_poly                        text8        0A7D
_frexp                            text6        08C7
_log                              text5        0D2F
_main                             maintext     0B57
_sprintf                          text1        0C3D
_value_fotocelda                  bssBANK1     00D7
adc_conversion@channel            cstackCOMMON 0070
btemp                             (abs)        007E
clear_ram0                        clrtext      0861
convertir_temperature@a           cstackBANK1  00B8
convertir_temperature@tempC       cstackBANK1  00C8
convertir_temperature@temperature cstackBANK1  00B4
end_of_initialization             cinit        07FC
eval_poly@d                       cstackBANK1  00A4
eval_poly@n                       cstackBANK1  00A5
eval_poly@res                     cstackBANK1  00AC
eval_poly@x                       cstackBANK1  00A0
frexp@eptr                        cstackBANK0  0024
frexp@value                       cstackBANK0  0020
intlevel0                         functab      0000
intlevel1                         functab      0000
intlevel2                         functab      0000
intlevel3                         functab      0000
intlevel4                         functab      0000
intlevel5                         functab      0000
log@coeff                         strings      081A
log@exponent                      cstackBANK0  006D
log@x                             cstackBANK1  00B0
main@tempcelsius                  cstackBANK1  00D3
main@value_potenciometro          cstackBANK1  00CF
main@value_temperature            cstackBANK1  00D1
reset_vec                         reset_vec    0000
sprintf@ap                        cstackBANK0  0028
sprintf@c                         cstackBANK0  0030
sprintf@ccnt                      cstackBANK0  002A
sprintf@f                         cstackBANK0  0020
sprintf@flag                      cstackBANK0  0029
sprintf@prec                      cstackBANK0  002C
sprintf@sp                        cstackBANK0  002F
sprintf@val                       cstackBANK0  002D
start                             init         0000
start_initialization              cinit        07F3
wtemp0                            (abs)        007E


MODULE INFORMATION

Module		Function		Class		Link	Load	Size
C:\Program Files\Microchip\xc8\v2.41\pic\sources\c90\common\frexp.c
		_frexp         		CODE           	08C7	0000	92

C:\Program Files\Microchip\xc8\v2.41\pic\sources\c90\common\frexp.c estimated size: 92

C:\Program Files\Microchip\xc8\v2.41\pic\sources\c90\common\sprcmul.c
		___flmul       		CODE           	04AE	0000	837

C:\Program Files\Microchip\xc8\v2.41\pic\sources\c90\common\sprcmul.c estimated size: 837

C:\Program Files\Microchip\xc8\v2.41\pic\sources\c90\common\flge.c
		___flge        		CODE           	0923	0000	162

C:\Program Files\Microchip\xc8\v2.41\pic\sources\c90\common\flge.c estimated size: 162

C:\Program Files\Microchip\xc8\v2.41\pic\sources\c90\common\sprcdiv.c
		___fldiv       		CODE           	0087	0000	463

C:\Program Files\Microchip\xc8\v2.41\pic\sources\c90\common\sprcdiv.c estimated size: 463

mainadc.c
		_adc_begin     		CODE           	0005	0000	12
		_main          		CODE           	0B57	0000	230
		_convertir_temperature		CODE           	0E75	0000	395
		_adc_conversion		CODE           	1658	0000	33

mainadc.c estimated size: 670

C:\Program Files\Microchip\xc8\v2.41\pic\sources\c90\common\lwdiv.c
		___lwdiv       		CODE           	17BC	0000	68

C:\Program Files\Microchip\xc8\v2.41\pic\sources\c90\common\lwdiv.c estimated size: 68

C:\Program Files\Microchip\xc8\v2.41\pic\sources\c90\common\fltol.c
		___fltol       		CODE           	0011	0000	118

C:\Program Files\Microchip\xc8\v2.41\pic\sources\c90\common\fltol.c estimated size: 118

C:\Program Files\Microchip\xc8\v2.41\pic\sources\c90\common\sprcadd.c
		___fladd       		CODE           	0256	0000	600

C:\Program Files\Microchip\xc8\v2.41\pic\sources\c90\common\sprcadd.c estimated size: 600

C:\Program Files\Microchip\xc8\v2.41\pic\sources\c90\common\fleq.c
		___fleq        		CODE           	0879	0000	78

C:\Program Files\Microchip\xc8\v2.41\pic\sources\c90\common\fleq.c estimated size: 78

C:\Program Files\Microchip\xc8\v2.41\pic\sources\c90\common\xxtofl.c
		___xxtofl      		CODE           	09C5	0000	184

C:\Program Files\Microchip\xc8\v2.41\pic\sources\c90\common\xxtofl.c estimated size: 184

shared
		__stringtab    		STRING         	0800	0000	16
		_dpowers       		STRING         	0810	0000	10
		__initialization		CODE           	07F3	0000	9
		log@coeff      		STRING         	081A	0000	36

shared estimated size: 71

C:\Program Files\Microchip\xc8\v2.41\pic\sources\c90\common\evalpoly.c
		_eval_poly     		CODE           	0A7D	0000	218

C:\Program Files\Microchip\xc8\v2.41\pic\sources\c90\common\evalpoly.c estimated size: 218

C:\Program Files\Microchip\xc8\v2.41\pic\sources\c90\common\Umul8_16.c
		__Umul8_16     		CODE           	16C5	0000	39

C:\Program Files\Microchip\xc8\v2.41\pic\sources\c90\common\Umul8_16.c estimated size: 39

C:\Program Files\Microchip\xc8\v2.41\pic\sources\c90\common\log.c
		_log           		CODE           	0D2F	0000	326

C:\Program Files\Microchip\xc8\v2.41\pic\sources\c90\common\log.c estimated size: 326

lcd.c
		_LCD_String    		CODE           	1679	0000	38
		_LCD_Init      		CODE           	16EC	0000	42
		_LCD_Command   		CODE           	1716	0000	54
		_LCD_String_xy 		CODE           	169F	0000	38
		_LCD_Char      		CODE           	174C	0000	54
		_LCD_Clear     		CODE           	0869	0000	16

lcd.c estimated size: 242

C:\Program Files\Microchip\xc8\v2.41\pic\sources\c90\common\doprnt.c
		_sprintf       		CODE           	0C3D	0000	242

C:\Program Files\Microchip\xc8\v2.41\pic\sources\c90\common\doprnt.c estimated size: 242

C:\Program Files\Microchip\xc8\v2.41\pic\sources\c90\common\lwmod.c
		___lwmod       		CODE           	1782	0000	58

C:\Program Files\Microchip\xc8\v2.41\pic\sources\c90\common\lwmod.c estimated size: 58

