Microchip MPLAB XC8 Compiler V2.41

Linker command line:

-W-3 \
  --edf=C:\Program Files\Microchip\xc8\v2.41\pic\dat\20230208172133_en.msgs \
  -cn -h+dist/default/production\seguridad.X.production.sym \
  --cmf=dist/default/production\seguridad.X.production.cmf -z -Q16F887 \
  -oC:\Users\SEBAST~1\AppData\Local\Temp\xcAsg1g.\driver_tmp_3.o \
  --defsym=__MPLAB_BUILD=1 --fixupoverflow=error \
  -Mdist/default/production/seguridad.X.production.map \
  --md=C:\Users\SEBAST~1\AppData\Local\Temp\xcAsg1g.\driver_tmp_0.dat -E1 \
  -ver=XC8 Compiler --acfsm=1493 -ACODE=00h-07FFhx4 -ASTRCODE=00h-01FFFh \
  -ASTRING=00h-0FFhx32 -ACONST=00h-0FFhx32 -AENTRY=00h-0FFhx32 \
  -ACOMMON=070h-07Fh -ABANK0=020h-06Fh -ABANK1=0A0h-0EFh \
  -ABANK2=0110h-016Fh -ABANK3=0190h-01EFh \
  -ARAM=020h-06Fh,0A0h-0EFh,0110h-016Fh,0190h-01EFh \
  -AABS1=020h-07Fh,0A0h-0EFh,0110h-016Fh,0190h-01EFh -ASFR0=00h-01Fh \
  -ASFR1=080h-09Fh -ASFR2=0100h-010Fh -ASFR3=0180h-018Fh \
  -ACONFIG=02007h-02008h -DCONFIG=2 -AIDLOC=02000h-02003h -DIDLOC=2 \
  -AEEDATA=00h-0FFh/02100h -peeprom_data=EEDATA -DEEDATA=2 -DCODE=2 \
  -DSTRCODE=2 -DSTRING=2 -DCONST=2 -DENTRY=2 \
  -preset_vec=00h,intentry,init,end_init -ppowerup=CODE -pcinit=CODE \
  -pfunctab=ENTRY -k \
  C:\Users\SEBAST~1\AppData\Local\Temp\xcAsg1g.\driver_tmp_17.o \
  dist/default/production\seguridad.X.production.o 

Object code version is 3.11

Machine type is 16F887



                Name                               Link     Load   Length Selector   Space Scale
C:\Users\SEBAST~1\AppData\Local\Temp\xcAsg1g.\driver_tmp_17.o
                end_init                              0        0        3        0       0
                config                             2007     2007        2        0       4
dist/default/production\seguridad.X.production.o
                cinit                               7DC      7DC       24      FB8       0
                config                             2007     2007        2        0       4
                text34                             13AB     13AB       36     2756       0
                text33                             12EA     12EA       2A     25D4       0
                text32                                3        3        C        0       0
                text31                             11E9     11E9       10     23D2       0
                text30                             13E1     13E1       36     27C2       0
                text29                             1277     1277       26     24EE       0
                text28                             129D     129D       26     253A       0
                text27                             1254     1254       23     24A8       0
                text26                             1314     1314       32     2628       0
                text25                             1346     1346       32     268C       0
                text24                             1378     1378       33     26F0       0
                text23                             1233     1233       21     2466       0
                text22                               70       70      1CF       E0       0
                text21                             1585     1585       76     2B0A       0
                text20                             15FB     15FB       A2     2BF6       0
                text19                             1748     1748       B8     2E90       0
                text18                              23F      23F      258      47E       0
                text17                             12C3     12C3       27     2586       0
                text16                              497      497      345      92E       0
                text15                              99F      99F       DA     133E       0
                text14                             14DB     14DB       4E     29B6       0
                text13                             1529     1529       5C     2A52       0
                text12                              D2F      D2F      146     1A5E       0
                text11                              E75      E75      18B     1CEA       0
                text10                             1451     1451       44     28A2       0
                text9                              1417     1417       3A     282E       0
                text8                               C3D      C3D       F2     187A       0
                text7                               8D8      8D8       C7     11B0       0
                text6                              121C     121C       17     2438       0
                text5                                 F        F       61       1E       0
                text4                               A79      A79       E2     14F2       0
                text3                              1495     1495       46     292A       0
                text2                              169D     169D       AB     2D3A       0
                text1                              11DA     11DA        F     23B4       0
                maintext                            B5B      B5B       E2     16B6       0
                cstackBANK0                          20       20       4F       20       1
                cstackCOMMON                         70       70        E       70       1
                cstackBANK1                          A0       A0       38       A0       1
                clrtext                             8D0      8D0        8     11A0       0
                inittext                           1209     1209       13     2412       0
                dataBANK3                           1A1      1A1       10      190       1
                bssBANK3                            190      190       11      190       1
                bssBANK1                             D8       D8       12       A0       1
                bssBANK0                             6F       6F        1       20       1
                strings                             800      800       D0     1000       0
                idataBANK3                         11F9     11F9       10     23F2       0

TOTAL           Name                               Link     Load   Length     Space
        CLASS   CODE           
                end_init                              0        0        3         0
                cinit                               7DC      7DC       24         0
                text34                             13AB     13AB       36         0
                text33                             12EA     12EA       2A         0
                text32                                3        3        C         0
                text31                             11E9     11E9       10         0
                text30                             13E1     13E1       36         0
                text29                             1277     1277       26         0
                text28                             129D     129D       26         0
                text27                             1254     1254       23         0
                text26                             1314     1314       32         0
                text25                             1346     1346       32         0
                text24                             1378     1378       33         0
                text23                             1233     1233       21         0
                text22                               70       70      1CF         0
                text21                             1585     1585       76         0
                text20                             15FB     15FB       A2         0
                text19                             1748     1748       B8         0
                text18                              23F      23F      258         0
                text17                             12C3     12C3       27         0
                text16                              497      497      345         0
                text15                              99F      99F       DA         0
                text14                             14DB     14DB       4E         0
                text13                             1529     1529       5C         0
                text12                              D2F      D2F      146         0
                text11                              E75      E75      18B         0
                text10                             1451     1451       44         0
                text9                              1417     1417       3A         0
                text8                               C3D      C3D       F2         0
                text7                               8D8      8D8       C7         0
                text6                              121C     121C       17         0
                text5                                 F        F       61         0
                text4                               A79      A79       E2         0
                text3                              1495     1495       46         0
                text2                              169D     169D       AB         0
                text1                              11DA     11DA        F         0
                maintext                            B5B      B5B       E2         0
                clrtext                             8D0      8D0        8         0
                inittext                           1209     1209       13         0
                idataBANK3                         11F9     11F9       10         0

        CLASS   STRCODE        

        CLASS   STRING         
                strings                             800      800       D0         0

        CLASS   CONST          

        CLASS   ENTRY          

        CLASS   COMMON         
                cstackCOMMON                         70       70        E         1

        CLASS   BANK0          
                cstackBANK0                          20       20       4F         1
                bssBANK0                             6F       6F        1         1

        CLASS   BANK1          
                cstackBANK1                          A0       A0       38         1
                bssBANK1                             D8       D8       12         1

        CLASS   BANK2          

        CLASS   BANK3          
                dataBANK3                           1A1      1A1       10         1
                bssBANK3                            190      190       11         1

        CLASS   RAM            

        CLASS   ABS1           
                abs_s1                               7E       7E        2         1

        CLASS   SFR0           

        CLASS   SFR1           

        CLASS   SFR2           

        CLASS   SFR3           

        CLASS   CONFIG         
                config                             2007     2007        2         4

        CLASS   IDLOC          

        CLASS   EEDATA         

        CLASS   STACK          



SEGMENTS        Name                           Load    Length   Top    Selector   Space  Class     Delta

                reset_vec                      000000  00000F  00000F         0       0  CODE        2
                text5                          00000F  000061  000070        1E       0  CODE        2
                cstackBANK0                    000020  000050  000070        20       1  BANK0       1
                cstackCOMMON                   000070  00000E  00007E        70       1  COMMON      1
                cstackBANK1                    0000A0  00004A  0000EA        A0       1  BANK1       1
                text22                         000070  0001CF  00023F        E0       0  CODE        2
                bssBANK3                       000190  000021  0001B1       190       1  BANK3       1
                text18                         00023F  000258  000497       47E       0  CODE        2
                text16                         000497  000345  0007DC       92E       0  CODE        2
                cinit                          0007DC  000024  000800       FB8       0  CODE        2
                strings                        000800  0000D0  0008D0      1000       0  STRING      2
                clrtext                        0008D0  000008  0008D8      11A0       0  CODE        2
                text7                          0008D8  0000C7  00099F      11B0       0  CODE        2
                text15                         00099F  0000DA  000A79      133E       0  CODE        2
                text4                          000A79  0000E2  000B5B      14F2       0  CODE        2
                maintext                       000B5B  0000E2  000C3D      16B6       0  CODE        2
                text8                          000C3D  0000F2  000D2F      187A       0  CODE        2
                text12                         000D2F  000146  000E75      1A5E       0  CODE        2
                text11                         000E75  00018B  001000      1CEA       0  CODE        2
                text1                          0011DA  00000F  0011E9      23B4       0  CODE        2
                text31                         0011E9  000010  0011F9      23D2       0  CODE        2
                idataBANK3                     0011F9  000010  001209      23F2       0  CODE        2
                inittext                       001209  000013  00121C      2412       0  CODE        2
                text6                          00121C  000017  001233      2438       0  CODE        2
                text23                         001233  000021  001254      2466       0  CODE        2
                text27                         001254  000023  001277      24A8       0  CODE        2
                text29                         001277  000026  00129D      24EE       0  CODE        2
                text28                         00129D  000026  0012C3      253A       0  CODE        2
                text17                         0012C3  000027  0012EA      2586       0  CODE        2
                text33                         0012EA  00002A  001314      25D4       0  CODE        2
                text26                         001314  000032  001346      2628       0  CODE        2
                text25                         001346  000032  001378      268C       0  CODE        2
                text24                         001378  000033  0013AB      26F0       0  CODE        2
                text34                         0013AB  000036  0013E1      2756       0  CODE        2
                text30                         0013E1  000036  001417      27C2       0  CODE        2
                text9                          001417  00003A  001451      282E       0  CODE        2
                text10                         001451  000044  001495      28A2       0  CODE        2
                text3                          001495  000046  0014DB      292A       0  CODE        2
                text14                         0014DB  00004E  001529      29B6       0  CODE        2
                text13                         001529  00005C  001585      2A52       0  CODE        2
                text21                         001585  000076  0015FB      2B0A       0  CODE        2
                text20                         0015FB  0000A2  00169D      2BF6       0  CODE        2
                text2                          00169D  0000AB  001748      2D3A       0  CODE        2
                text19                         001748  0000B8  001800      2E90       0  CODE        2


UNUSED ADDRESS RANGES

        Name                Unused          Largest block    Delta
        BANK1            00EA-00EF              6           1
        BANK2            0110-016F             60           1
        BANK3            01B1-01EF             3F           1
        CODE             1000-11D9            1DA           2
                         1800-1FFF            800
        CONST            1000-11D9            100           2
                         1800-1FFF            100
        EEDATA           2100-21FF            100           2
        ENTRY            1000-11D9            100           2
                         1800-1FFF            100
        IDLOC            2000-2003              4           2
        RAM              00EA-00EF              6           1
                         0110-016F             60
                         01B1-01EF             3F
        SFR0             0000-001F             20           1
        SFR1             0080-009F             20           1
        SFR2             0100-010F             10           1
        SFR3             0180-018F             10           1
        STRCODE          1000-11D9            1DA           2
                         1800-1FFF            800
        STRING           1000-11D9            100           2
                         1800-1FFF            100

                                  Symbol Table

?__Umul8_16                                      cstackCOMMON 0070
?___fladd                                        cstackBANK0  0059
?___fldiv                                        cstackBANK0  003F
?___flmul                                        cstackBANK0  0025
?___fltol                                        cstackCOMMON 0070
?___lwdiv                                        cstackCOMMON 0070
?___lwmod                                        cstackCOMMON 0077
?___xxtofl                                       cstackCOMMON 0070
?_adc_conversion                                 cstackCOMMON 0070
?_convertir_temperature                          cstackBANK1  00B4
?_eval_poly                                      cstackBANK1  00A0
?_frexp                                          cstackBANK0  0020
?_log                                            cstackBANK1  00B0
?_sprintf                                        cstackBANK0  0020
?_strncmp                                        cstackCOMMON 0070
LCD_Char@dat                                     cstackCOMMON 0072
LCD_Command@cmd                                  cstackCOMMON 0072
LCD_String@msg                                   cstackCOMMON 0073
LCD_String_xy@location                           cstackCOMMON 0079
LCD_String_xy@msg                                cstackCOMMON 0076
LCD_String_xy@pos                                cstackCOMMON 0075
LCD_String_xy@row                                cstackCOMMON 0078
_ADCON0bits                                      (abs)        001F
_ADCON1bits                                      (abs)        009F
_ADRESH                                          (abs)        001E
_ADRESL                                          (abs)        009E
_ANSEL                                           (abs)        0188
_ANSELH                                          (abs)        0189
_LCD_Char                                        text30       13E1
_LCD_Clear                                       text31       11E9
_LCD_Command                                     text34       13AB
_LCD_Init                                        text33       12EA
_LCD_String                                      text29       1277
_LCD_String_xy                                   text28       129D
_OPTION_REGbits                                  (abs)        0081
_OSCCON                                          (abs)        008F
_PORTB                                           (abs)        0006
_PORTD                                           (abs)        0008
_PORTE                                           (abs)        0009
_RA0                                             (abs)        0028
_RA1                                             (abs)        0029
_RA5                                             (abs)        002D
_RC0                                             (abs)        0038
_RC1                                             (abs)        0039
_RC2                                             (abs)        003A
_RD0                                             (abs)        0040
_RD1                                             (abs)        0041
_TRISA                                           (abs)        0085
_TRISB                                           (abs)        0086
_TRISC                                           (abs)        0087
_TRISD                                           (abs)        0088
_TRISE                                           (abs)        0089
__H__absolute__                                  __absolute__ 0000
__Habs1                                          abs1         0000
__Hbank0                                         bank0        0000
__Hbank1                                         bank1        0000
__Hbank2                                         bank2        0000
__Hbank3                                         bank3        0000
__HbssBANK0                                      bssBANK0     0000
__HbssBANK1                                      bssBANK1     0000
__HbssBANK3                                      bssBANK3     0000
__Hcinit                                         cinit        0800
__Hclrtext                                       clrtext      0000
__Hcode                                          code         0000
__Hcommon                                        common       0000
__Hconfig                                        config       2009
__HcstackBANK0                                   cstackBANK0  0000
__HcstackBANK1                                   cstackBANK1  0000
__HcstackCOMMON                                  cstackCOMMON 0000
__HdataBANK3                                     dataBANK3    0000
__Heeprom_data                                   eeprom_data  0000
__Hend_init                                      end_init     0003
__Hfunctab                                       functab      0000
__HidataBANK3                                    idataBANK3   0000
__Hinit                                          init         0000
__Hinittext                                      inittext     0000
__Hintentry                                      intentry     0000
__Hmaintext                                      maintext     0000
__Hpowerup                                       powerup      0000
__Hram                                           ram          0000
__Hreset_vec                                     reset_vec    0000
__Hsfr0                                          sfr0         0000
__Hsfr1                                          sfr1         0000
__Hsfr2                                          sfr2         0000
__Hsfr3                                          sfr3         0000
__Hspace_0                                       (abs)        1800
__Hspace_1                                       (abs)        01B1
__Hspace_2                                       (abs)        0000
__Hspace_3                                       (abs)        0000
__Hspace_4                                       (abs)        4010
__Hstack                                         stack        0000
__Hstrings                                       strings      0000
__Htext                                          text         0000
__L__absolute__                                  __absolute__ 0000
__Labs1                                          abs1         0000
__Lbank0                                         bank0        0000
__Lbank1                                         bank1        0000
__Lbank2                                         bank2        0000
__Lbank3                                         bank3        0000
__LbssBANK0                                      bssBANK0     0000
__LbssBANK1                                      bssBANK1     0000
__LbssBANK3                                      bssBANK3     0000
__Lcinit                                         cinit        07DC
__Lclrtext                                       clrtext      0000
__Lcode                                          code         0000
__Lcommon                                        common       0000
__Lconfig                                        config       0000
__LcstackBANK0                                   cstackBANK0  0000
__LcstackBANK1                                   cstackBANK1  0000
__LcstackCOMMON                                  cstackCOMMON 0000
__LdataBANK3                                     dataBANK3    0000
__Leeprom_data                                   eeprom_data  0000
__Lend_init                                      end_init     0000
__Lfunctab                                       functab      0000
__LidataBANK3                                    idataBANK3   0000
__Linit                                          init         0000
__Linittext                                      inittext     0000
__Lintentry                                      intentry     0000
__Lmaintext                                      maintext     0000
__Lpowerup                                       powerup      0000
__Lram                                           ram          0000
__Lreset_vec                                     reset_vec    0000
__Lsfr0                                          sfr0         0000
__Lsfr1                                          sfr1         0000
__Lsfr2                                          sfr2         0000
__Lsfr3                                          sfr3         0000
__Lspace_0                                       (abs)        0000
__Lspace_1                                       (abs)        0000
__Lspace_2                                       (abs)        0000
__Lspace_3                                       (abs)        0000
__Lspace_4                                       (abs)        0000
__Lstack                                         stack        0000
__Lstrings                                       strings      0000
__Ltext                                          text         0000
__S0                                             (abs)        1800
__S1                                             (abs)        01B1
__S3                                             (abs)        0000
__Umul8_16                                       text17       12C3
__Umul8_16@multiplicand                          cstackCOMMON 0070
__Umul8_16@multiplier                            cstackCOMMON 0078
__Umul8_16@product                               cstackCOMMON 0074
__Umul8_16@word_mpld                             cstackCOMMON 0076
___fladd                                         text18       023F
___fladd@a                                       cstackBANK0  005D
___fladd@aexp                                    cstackBANK0  006A
___fladd@b                                       cstackBANK0  0059
___fladd@bexp                                    cstackBANK0  006B
___fladd@grs                                     cstackBANK0  006C
___fladd@signs                                   cstackBANK0  0069
___fldiv                                         text22       0070
___fldiv@a                                       cstackBANK0  003F
___fldiv@aexp                                    cstackBANK0  0058
___fldiv@b                                       cstackBANK0  0043
___fldiv@bexp                                    cstackBANK0  0057
___fldiv@grs                                     cstackBANK0  0053
___fldiv@new_exp                                 cstackBANK0  0051
___fldiv@rem                                     cstackBANK0  004C
___fldiv@sign                                    cstackBANK0  0050
___fleq                                          text14       14DB
___fleq@ff1                                      cstackCOMMON 0070
___fleq@ff2                                      cstackCOMMON 0074
___flge                                          text20       15FB
___flge@ff1                                      cstackCOMMON 0070
___flge@ff2                                      cstackCOMMON 0074
___flmul                                         text16       0497
___flmul@a                                       cstackBANK0  0029
___flmul@aexp                                    cstackBANK0  0033
___flmul@b                                       cstackBANK0  0025
___flmul@bexp                                    cstackBANK0  0038
___flmul@grs                                     cstackBANK0  0034
___flmul@prod                                    cstackBANK0  0039
___flmul@sign                                    cstackBANK0  0032
___flmul@temp                                    cstackBANK0  003D
___fltol                                         text21       1585
___fltol@exp1                                    cstackCOMMON 0079
___fltol@f1                                      cstackCOMMON 0070
___fltol@sign1                                   cstackCOMMON 0078
___int_sp                                        stack        0000
___latbits                                       (abs)        0002
___lwdiv                                         text10       1451
___lwdiv@counter                                 cstackCOMMON 0076
___lwdiv@dividend                                cstackCOMMON 0072
___lwdiv@divisor                                 cstackCOMMON 0070
___lwdiv@quotient                                cstackCOMMON 0074
___lwmod                                         text9        1417
___lwmod@counter                                 cstackCOMMON 007B
___lwmod@dividend                                cstackCOMMON 0079
___lwmod@divisor                                 cstackCOMMON 0077
___sp                                            stack        0000
___stackhi                                       (abs)        0000
___stacklo                                       (abs)        0000
___xxtofl                                        text19       1748
___xxtofl@arg                                    cstackCOMMON 007A
___xxtofl@exp                                    cstackCOMMON 0079
___xxtofl@sign                                   cstackCOMMON 0078
___xxtofl@val                                    cstackCOMMON 0070
__end_of_LCD_Char                                text30       1417
__end_of_LCD_Clear                               text31       11F9
__end_of_LCD_Command                             text34       13E1
__end_of_LCD_Init                                text33       1314
__end_of_LCD_String                              text29       129D
__end_of_LCD_String_xy                           text28       12C3
__end_of__Umul8_16                               text17       12EA
__end_of___fladd                                 text18       0497
__end_of___fldiv                                 text22       023F
__end_of___fleq                                  text14       1529
__end_of___flge                                  text20       169D
__end_of___flmul                                 text16       07DC
__end_of___fltol                                 text21       15FB
__end_of___lwdiv                                 text10       1495
__end_of___lwmod                                 text9        1451
__end_of___xxtofl                                text19       1800
__end_of__initialization                         cinit        07FC
__end_of__stringtab                              strings      0810
__end_of_adc_begin                               text32       000F
__end_of_adc_conversion                          text23       1254
__end_of_blink_led                               text27       1277
__end_of_convertir_temperature                   text11       1000
__end_of_dpowers                                 strings      081A
__end_of_eval_poly                               text15       0A79
__end_of_frexp                                   text13       1585
__end_of_function_alarma_ambiental               text26       1346
__end_of_function_alarma_seguridad               text25       1378
__end_of_function_bloqueado                      text24       13AB
__end_of_function_monitoreo_ambiental            text7        099F
__end_of_function_monitoreo_digital              text5        0070
__end_of_function_seguridad                      text2        1748
__end_of_keypad_getkey                           text4        0B5B
__end_of_keypad_init                             text1        11E9
__end_of_log                                     text12       0E75
__end_of_main                                    maintext     0C3D
__end_of_monitoring_sensor                       text6        1233
__end_of_password                                strings      0843
__end_of_sprintf                                 text8        0D2F
__end_of_strncmp                                 text3        14DB
__end_oflog@coeff                                strings      083E
__initialization                                 cinit        07DC
__pbssBANK0                                      bssBANK0     006F
__pbssBANK1                                      bssBANK1     00D8
__pbssBANK3                                      bssBANK3     0190
__pcstackBANK0                                   cstackBANK0  0020
__pcstackBANK1                                   cstackBANK1  00A0
__pcstackCOMMON                                  cstackCOMMON 0070
__pdataBANK3                                     dataBANK3    01A1
__pidataBANK3                                    idataBANK3   11F9
__pmaintext                                      maintext     0B5B
__pstrings                                       strings      0800
__ptext1                                         text1        11DA
__ptext10                                        text10       1451
__ptext11                                        text11       0E75
__ptext12                                        text12       0D2F
__ptext13                                        text13       1529
__ptext14                                        text14       14DB
__ptext15                                        text15       099F
__ptext16                                        text16       0497
__ptext17                                        text17       12C3
__ptext18                                        text18       023F
__ptext19                                        text19       1748
__ptext2                                         text2        169D
__ptext20                                        text20       15FB
__ptext21                                        text21       1585
__ptext22                                        text22       0070
__ptext23                                        text23       1233
__ptext24                                        text24       1378
__ptext25                                        text25       1346
__ptext26                                        text26       1314
__ptext27                                        text27       1254
__ptext28                                        text28       129D
__ptext29                                        text29       1277
__ptext3                                         text3        1495
__ptext30                                        text30       13E1
__ptext31                                        text31       11E9
__ptext32                                        text32       0003
__ptext33                                        text33       12EA
__ptext34                                        text34       13AB
__ptext4                                         text4        0A79
__ptext5                                         text5        000F
__ptext6                                         text6        121C
__ptext7                                         text7        08D8
__ptext8                                         text8        0C3D
__ptext9                                         text9        1417
__stringbase                                     strings      080F
__stringtab                                      strings      0800
_adc_begin                                       text32       0003
_adc_conversion                                  text23       1233
_blink_led                                       text27       1254
_buffer                                          bssBANK3     0190
_convertir_temperature                           text11       0E75
_convertir_temperature$1043                      cstackBANK1  00BC
_convertir_temperature$1044                      cstackBANK1  00C0
_convertir_temperature$1045                      cstackBANK1  00C4
_dpowers                                         strings      0810
_errno                                           bssBANK1     00D8
_estado                                          bssBANK0     006F
_eval_poly                                       text15       099F
_frexp                                           text13       1529
_function_alarma_ambiental                       text26       1314
_function_alarma_seguridad                       text25       1346
_function_bloqueado                              text24       1378
_function_monitoreo_ambiental                    text7        08D8
_function_monitoreo_digital                      text5        000F
_function_seguridad                              text2        169D
_idx                                             bssBANK1     00E4
_intentos                                        bssBANK1     00E0
_keypad_getkey                                   text4        0A79
_keypad_init                                     text1        11DA
_log                                             text12       0D2F
_main                                            maintext     0B5B
_monitoring_sensor                               text6        121C
_pass_user                                       bssBANK1     00E5
_password                                        strings      083E
_sprintf                                         text8        0C3D
_strncmp                                         text3        1495
_value_fotocelda                                 bssBANK1     00DA
_value_potenciometro                             bssBANK1     00DE
_value_temperature                               bssBANK1     00DC
_var_sensor_hall                                 bssBANK1     00E2
_var_sensor_ir                                   bssBANK1     00E3
_var_sensor_metal                                bssBANK1     00E1
adc_conversion@channel                           cstackCOMMON 0070
btemp                                            (abs)        007E
clear_ram0                                       clrtext      08D0
convertir_temperature@a                          cstackBANK1  00B8
convertir_temperature@tempC                      cstackBANK1  00C8
convertir_temperature@temperature                cstackBANK1  00B4
end_of_initialization                            cinit        07FC
eval_poly@d                                      cstackBANK1  00A4
eval_poly@n                                      cstackBANK1  00A5
eval_poly@res                                    cstackBANK1  00AC
eval_poly@x                                      cstackBANK1  00A0
frexp@eptr                                       cstackBANK0  0024
frexp@value                                      cstackBANK0  0020
function_monitoreo_ambiental@tempcelsius         cstackBANK1  00D1
function_monitoreo_ambiental@value_potenciometro cstackBANK1  00CF
function_monitoreo_ambiental@value_temperature   cstackBANK1  00D3
function_seguridad@key                           cstackCOMMON 007D
init_fetch0                                      inittext     1209
init_ram0                                        inittext     120D
intlevel0                                        functab      0000
intlevel1                                        functab      0000
intlevel2                                        functab      0000
intlevel3                                        functab      0000
intlevel4                                        functab      0000
intlevel5                                        functab      0000
keypad_getkey@F1268                              dataBANK3    01A1
keypad_getkey@i                                  cstackBANK0  0031
keypad_getkey@letras                             cstackBANK0  0020
keypad_getkey@valor                              cstackBANK0  0030
log@coeff                                        strings      081A
log@exponent                                     cstackBANK0  006D
log@x                                            cstackBANK1  00B0
monitoring_sensor@alarm_activ                    cstackCOMMON 0070
reset_vec                                        reset_vec    0000
sprintf@ap                                       cstackBANK0  002A
sprintf@c                                        cstackBANK0  0032
sprintf@ccnt                                     cstackBANK0  002C
sprintf@f                                        cstackBANK0  0020
sprintf@flag                                     cstackBANK0  002B
sprintf@prec                                     cstackBANK0  002E
sprintf@sp                                       cstackBANK0  0031
sprintf@val                                      cstackBANK0  002F
start                                            init         0000
start_initialization                             cinit        07DC
strncmp@len                                      cstackCOMMON 0071
strncmp@s1                                       cstackCOMMON 0075
strncmp@s2                                       cstackCOMMON 0070
wtemp0                                           (abs)        007E


MODULE INFORMATION

Module		Function		Class		Link	Load	Size
C:\Program Files\Microchip\xc8\v2.41\pic\sources\c90\common\frexp.c
		_frexp         		CODE           	1529	0000	92

C:\Program Files\Microchip\xc8\v2.41\pic\sources\c90\common\frexp.c estimated size: 92

C:\Program Files\Microchip\xc8\v2.41\pic\sources\c90\common\sprcmul.c
		___flmul       		CODE           	0497	0000	837

C:\Program Files\Microchip\xc8\v2.41\pic\sources\c90\common\sprcmul.c estimated size: 837

C:\Program Files\Microchip\xc8\v2.41\pic\sources\c90\common\flge.c
		___flge        		CODE           	15FB	0000	162

C:\Program Files\Microchip\xc8\v2.41\pic\sources\c90\common\flge.c estimated size: 162

sensor.c
		_monitoring_sensor		CODE           	121C	0000	23
		_blink_led     		CODE           	1254	0000	35

sensor.c estimated size: 58

C:\Program Files\Microchip\xc8\v2.41\pic\sources\c90\common\sprcdiv.c
		___fldiv       		CODE           	0070	0000	463

C:\Program Files\Microchip\xc8\v2.41\pic\sources\c90\common\sprcdiv.c estimated size: 463

keypad.c
		_keypad_init   		CODE           	11DA	0000	15
		_keypad_getkey 		CODE           	0A79	0000	226

keypad.c estimated size: 241

C:\Program Files\Microchip\xc8\v2.41\pic\sources\c90\common\lwdiv.c
		___lwdiv       		CODE           	1451	0000	68

C:\Program Files\Microchip\xc8\v2.41\pic\sources\c90\common\lwdiv.c estimated size: 68

C:\Program Files\Microchip\xc8\v2.41\pic\sources\c90\common\strncmp.c
		_strncmp       		CODE           	1495	0000	70

C:\Program Files\Microchip\xc8\v2.41\pic\sources\c90\common\strncmp.c estimated size: 70

C:\Program Files\Microchip\xc8\v2.41\pic\sources\c90\common\fltol.c
		___fltol       		CODE           	1585	0000	118

C:\Program Files\Microchip\xc8\v2.41\pic\sources\c90\common\fltol.c estimated size: 118

C:\Program Files\Microchip\xc8\v2.41\pic\sources\c90\common\sprcadd.c
		___fladd       		CODE           	023F	0000	600

C:\Program Files\Microchip\xc8\v2.41\pic\sources\c90\common\sprcadd.c estimated size: 600

C:\Program Files\Microchip\xc8\v2.41\pic\sources\c90\common\fleq.c
		___fleq        		CODE           	14DB	0000	78

C:\Program Files\Microchip\xc8\v2.41\pic\sources\c90\common\fleq.c estimated size: 78

C:\Program Files\Microchip\xc8\v2.41\pic\sources\c90\common\xxtofl.c
		___xxtofl      		CODE           	1748	0000	184

C:\Program Files\Microchip\xc8\v2.41\pic\sources\c90\common\xxtofl.c estimated size: 184

shared
		__stringtab    		STRING         	0800	0000	16
		_dpowers       		STRING         	0810	0000	10
		_password      		STRING         	083E	0000	5
		__initialization		CODE           	07DC	0000	32
		log@coeff      		STRING         	081A	0000	36

shared estimated size: 99

C:\Program Files\Microchip\xc8\v2.41\pic\sources\c90\common\evalpoly.c
		_eval_poly     		CODE           	099F	0000	218

C:\Program Files\Microchip\xc8\v2.41\pic\sources\c90\common\evalpoly.c estimated size: 218

C:\Program Files\Microchip\xc8\v2.41\pic\sources\c90\common\Umul8_16.c
		__Umul8_16     		CODE           	12C3	0000	39

C:\Program Files\Microchip\xc8\v2.41\pic\sources\c90\common\Umul8_16.c estimated size: 39

C:\Program Files\Microchip\xc8\v2.41\pic\sources\c90\common\log.c
		_log           		CODE           	0D2F	0000	326

C:\Program Files\Microchip\xc8\v2.41\pic\sources\c90\common\log.c estimated size: 326

lcd.c
		_LCD_String    		CODE           	1277	0000	38
		_LCD_Init      		CODE           	12EA	0000	42
		_LCD_Command   		CODE           	13AB	0000	54
		_LCD_String_xy 		CODE           	129D	0000	38
		_LCD_Char      		CODE           	13E1	0000	54
		_LCD_Clear     		CODE           	11E9	0000	16

lcd.c estimated size: 242

C:\Program Files\Microchip\xc8\v2.41\pic\sources\c90\common\doprnt.c
		_sprintf       		CODE           	0C3D	0000	242

C:\Program Files\Microchip\xc8\v2.41\pic\sources\c90\common\doprnt.c estimated size: 242

C:\Program Files\Microchip\xc8\v2.41\pic\sources\c90\common\lwmod.c
		___lwmod       		CODE           	1417	0000	58

C:\Program Files\Microchip\xc8\v2.41\pic\sources\c90\common\lwmod.c estimated size: 58

mainseguridad.c
		_function_alarma_ambiental		CODE           	1314	0000	50
		_adc_begin     		CODE           	0003	0000	12
		_function_monitoreo_ambiental		CODE           	08D8	0000	199
		_main          		CODE           	0B5B	0000	226
		_function_monitoreo_digital		CODE           	000F	0000	97
		_function_seguridad		CODE           	169D	0000	171
		_convertir_temperature		CODE           	0E75	0000	395
		_function_alarma_seguridad		CODE           	1346	0000	50
		_adc_conversion		CODE           	1233	0000	33
		_function_bloqueado		CODE           	1378	0000	51

mainseguridad.c estimated size: 1284

